=== exp_id=EXP-013_kernel9 ===
=== nvidia-smi ===
Fri Jun 12 02:45:54 2026       
+-----------------------------------------------------------------------------------------+
| NVIDIA-SMI 580.95.05              Driver Version: 580.95.05      CUDA Version: 13.0     |
+-----------------------------------------+------------------------+----------------------+
| GPU  Name                 Persistence-M | Bus-Id          Disp.A | Volatile Uncorr. ECC |
| Fan  Temp   Perf          Pwr:Usage/Cap |           Memory-Usage | GPU-Util  Compute M. |
|                                         |                        |               MIG M. |
|=========================================+========================+======================|
|   0  NVIDIA L4                      On  |   00000000:00:07.0 Off |                    0 |
| N/A   38C    P8             16W /   72W |       0MiB /  23034MiB |      0%      Default |
|                                         |                        |                  N/A |
+-----------------------------------------+------------------------+----------------------+

+-----------------------------------------------------------------------------------------+
| Processes:                                                                              |
|  GPU   GI   CI              PID   Type   Process name                        GPU Memory |
|        ID   ID                                                               Usage      |
|=========================================================================================|
|  No running processes found                                                             |
+-----------------------------------------------------------------------------------------+

=== cmd ===
jupyter nbconvert --to notebook --execute /work/run/notebook.ipynb --output /work/outputs/EXP-013_kernel9/notebook.executed.ipynb --ExecutePreprocessor.timeout=3600 --ExecutePreprocessor.kernel_name=python3
=== returncode=0 elapsed=1915.0s ===
=== stdout ===

=== stderr ===
[NbConvertApp] Converting notebook /work/run/notebook.ipynb to notebook
[NbConvertApp] ERROR | Notebook JSON is invalid: Additional properties are not allowed ('id' was unexpected)

Failed validating 'additionalProperties' in code_cell:

On instance['cells'][28]:
{'cell_type': 'code',
 'execution_count': None,
 'id': 'a26cb4ea',
 'metadata': {'execution': {'iopub.execute_input': '2026-05-26T10:24:29.554579Z',
                            'iopub.status.busy': '2026-05-26T10:24:29.553258Z',
                            'iopub.status.idle': '2026-05-26T10:24:29.740485Z',
                            'shell.execute_reply': '2026-05-26T10:24:29.739690Z'}},
 'outputs': ['...0 outputs...'],
 'source': '# === [run logging] 논문 reproducibility 용 metric/메타데이터 JSON dump '
           '...'}
2026-06-12 02:46:05.962852: I tensorflow/core/util/port.cc:113] oneDNN custom operations are on. You may see slightly different numerical results due to floating-point round-off errors from different computation orders. To turn them off, set the environment variable `TF_ENABLE_ONEDNN_OPTS=0`.
2026-06-12 02:46:06.191870: E external/local_xla/xla/stream_executor/cuda/cuda_dnn.cc:9261] Unable to register cuDNN factory: Attempting to register factory for plugin cuDNN when one has already been registered
2026-06-12 02:46:06.192054: E external/local_xla/xla/stream_executor/cuda/cuda_fft.cc:607] Unable to register cuFFT factory: Attempting to register factory for plugin cuFFT when one has already been registered
2026-06-12 02:46:06.195402: E external/local_xla/xla/stream_executor/cuda/cuda_blas.cc:1515] Unable to register cuBLAS factory: Attempting to register factory for plugin cuBLAS when one has already been registered
2026-06-12 02:46:06.212359: I tensorflow/core/platform/cpu_feature_guard.cc:182] This TensorFlow binary is optimized to use available CPU instructions in performance-critical operations.
To enable the following instructions: AVX2 AVX512F AVX512_VNNI FMA, in other operations, rebuild TensorFlow with the appropriate compiler flags.
2026-06-12 02:46:08.305320: W tensorflow/compiler/tf2tensorrt/utils/py_utils.cc:38] TF-TRT Warning: Could not find TensorRT
2026-06-12 02:46:13.782886: I external/local_xla/xla/stream_executor/cuda/cuda_executor.cc:887] could not open file to read NUMA node: /sys/bus/pci/devices/0000:00:07.0/numa_node
Your kernel may have been built without NUMA support.
2026-06-12 02:46:14.067988: I external/local_xla/xla/stream_executor/cuda/cuda_executor.cc:887] could not open file to read NUMA node: /sys/bus/pci/devices/0000:00:07.0/numa_node
Your kernel may have been built without NUMA support.
2026-06-12 02:46:14.071755: I external/local_xla/xla/stream_executor/cuda/cuda_executor.cc:887] could not open file to read NUMA node: /sys/bus/pci/devices/0000:00:07.0/numa_node
Your kernel may have been built without NUMA support.
2026-06-12 02:46:14.084074: I external/local_xla/xla/stream_executor/cuda/cuda_executor.cc:887] could not open file to read NUMA node: /sys/bus/pci/devices/0000:00:07.0/numa_node
Your kernel may have been built without NUMA support.
2026-06-12 02:46:14.087676: I external/local_xla/xla/stream_executor/cuda/cuda_executor.cc:887] could not open file to read NUMA node: /sys/bus/pci/devices/0000:00:07.0/numa_node
Your kernel may have been built without NUMA support.
2026-06-12 02:46:14.091082: I external/local_xla/xla/stream_executor/cuda/cuda_executor.cc:887] could not open file to read NUMA node: /sys/bus/pci/devices/0000:00:07.0/numa_node
Your kernel may have been built without NUMA support.
2026-06-12 02:46:14.228884: I external/local_xla/xla/stream_executor/cuda/cuda_executor.cc:887] could not open file to read NUMA node: /sys/bus/pci/devices/0000:00:07.0/numa_node
Your kernel may have been built without NUMA support.
2026-06-12 02:46:14.230805: I external/local_xla/xla/stream_executor/cuda/cuda_executor.cc:887] could not open file to read NUMA node: /sys/bus/pci/devices/0000:00:07.0/numa_node
Your kernel may have been built without NUMA support.
2026-06-12 02:46:14.232486: I tensorflow/core/common_runtime/gpu/gpu_device.cc:2022] Could not identify NUMA node of platform GPU id 0, defaulting to 0.  Your kernel may not have been built with NUMA support.
2026-06-12 02:46:14.232728: I external/local_xla/xla/stream_executor/cuda/cuda_executor.cc:887] could not open file to read NUMA node: /sys/bus/pci/devices/0000:00:07.0/numa_node
Your kernel may have been built without NUMA support.
2026-06-12 02:46:14.234404: I tensorflow/core/common_runtime/gpu/gpu_device.cc:1929] Created device /job:localhost/replica:0/task:0/device:GPU:0 with 20833 MB memory:  -> device: 0, name: NVIDIA L4, pci bus id: 0000:00:07.0, compute capability: 8.9
2026-06-12 02:46:14.895724: I external/local_tsl/tsl/platform/default/subprocess.cc:304] Start cannot spawn child process: No such file or directory
2026-06-12 02:46:35.450044: I external/local_xla/xla/stream_executor/cuda/cuda_dnn.cc:454] Loaded cuDNN version 8904
2026-06-12 02:46:36.316721: I external/local_tsl/tsl/platform/default/subprocess.cc:304] Start cannot spawn child process: No such file or directory
2026-06-12 02:46:40.478611: I external/local_xla/xla/service/service.cc:168] XLA service 0x2ac305734e30 initialized for platform CUDA (this does not guarantee that XLA will be used). Devices:
2026-06-12 02:46:40.478746: I external/local_xla/xla/service/service.cc:176]   StreamExecutor device (0): NVIDIA L4, Compute Capability 8.9
2026-06-12 02:46:40.490650: I tensorflow/compiler/mlir/tensorflow/utils/dump_mlir_util.cc:269] disabling MLIR crash reproducer, set env var `MLIR_CRASH_REPRODUCER_DIRECTORY` to enable.
WARNING: All log messages before absl::InitializeLog() is called are written to STDERR
I0000 00:00:1781232400.619592      65 device_compiler.h:186] Compiled cluster using XLA!  This line is logged at most once for the lifetime of the process.
[NbConvertApp] Writing 11651046 bytes to /work/outputs/EXP-013_kernel9/notebook.executed.ipynb

