=== exp_id=EXP-008_dropout_low ===
=== nvidia-smi ===
Fri May 22 18:44:52 2026       
+-----------------------------------------------------------------------------------------+
| NVIDIA-SMI 580.95.05              Driver Version: 580.95.05      CUDA Version: 13.0     |
+-----------------------------------------+------------------------+----------------------+
| GPU  Name                 Persistence-M | Bus-Id          Disp.A | Volatile Uncorr. ECC |
| Fan  Temp   Perf          Pwr:Usage/Cap |           Memory-Usage | GPU-Util  Compute M. |
|                                         |                        |               MIG M. |
|=========================================+========================+======================|
|   0  NVIDIA L4                      On  |   00000000:00:06.0 Off |                    0 |
| N/A   33C    P8             16W /   72W |       0MiB /  23034MiB |      0%      Default |
|                                         |                        |                  N/A |
+-----------------------------------------+------------------------+----------------------+

+-----------------------------------------------------------------------------------------+
| Processes:                                                                              |
|  GPU   GI   CI              PID   Type   Process name                        GPU Memory |
|        ID   ID                                                               Usage      |
|=========================================================================================|
|  No running processes found                                                             |
+-----------------------------------------------------------------------------------------+

=== cmd ===
jupyter nbconvert --to notebook --execute /work/run/notebook.ipynb --output /work/outputs/EXP-008_dropout_low/notebook.executed.ipynb --ExecutePreprocessor.timeout=3600 --ExecutePreprocessor.kernel_name=python3
=== returncode=0 elapsed=576.8s ===
=== stdout ===

=== stderr ===
[NbConvertApp] Converting notebook /work/run/notebook.ipynb to notebook
[NbConvertApp] ERROR | Notebook JSON is invalid: Additional properties are not allowed ('id' was unexpected)

Failed validating 'additionalProperties' in code_cell:

On instance['cells'][28]:
{'cell_type': 'code',
 'execution_count': None,
 'id': 'a26cb4ea',
 'metadata': {},
 'outputs': ['...0 outputs...'],
 'source': '# === [run logging] 논문 reproducibility 용 metric/메타데이터 JSON dump '
           '...'}
2026-05-22 18:45:09.853406: I tensorflow/core/util/port.cc:113] oneDNN custom operations are on. You may see slightly different numerical results due to floating-point round-off errors from different computation orders. To turn them off, set the environment variable `TF_ENABLE_ONEDNN_OPTS=0`.
2026-05-22 18:45:10.260926: E external/local_xla/xla/stream_executor/cuda/cuda_dnn.cc:9261] Unable to register cuDNN factory: Attempting to register factory for plugin cuDNN when one has already been registered
2026-05-22 18:45:10.261233: E external/local_xla/xla/stream_executor/cuda/cuda_fft.cc:607] Unable to register cuFFT factory: Attempting to register factory for plugin cuFFT when one has already been registered
2026-05-22 18:45:10.265765: E external/local_xla/xla/stream_executor/cuda/cuda_blas.cc:1515] Unable to register cuBLAS factory: Attempting to register factory for plugin cuBLAS when one has already been registered
2026-05-22 18:45:10.287920: I tensorflow/core/platform/cpu_feature_guard.cc:182] This TensorFlow binary is optimized to use available CPU instructions in performance-critical operations.
To enable the following instructions: AVX2 AVX512F AVX512_VNNI FMA, in other operations, rebuild TensorFlow with the appropriate compiler flags.
2026-05-22 18:45:14.031771: W tensorflow/compiler/tf2tensorrt/utils/py_utils.cc:38] TF-TRT Warning: Could not find TensorRT
2026-05-22 18:45:24.420709: I external/local_xla/xla/stream_executor/cuda/cuda_executor.cc:887] could not open file to read NUMA node: /sys/bus/pci/devices/0000:00:06.0/numa_node
Your kernel may have been built without NUMA support.
2026-05-22 18:45:24.858245: I external/local_xla/xla/stream_executor/cuda/cuda_executor.cc:887] could not open file to read NUMA node: /sys/bus/pci/devices/0000:00:06.0/numa_node
Your kernel may have been built without NUMA support.
2026-05-22 18:45:24.868263: I external/local_xla/xla/stream_executor/cuda/cuda_executor.cc:887] could not open file to read NUMA node: /sys/bus/pci/devices/0000:00:06.0/numa_node
Your kernel may have been built without NUMA support.
2026-05-22 18:45:24.880687: I external/local_xla/xla/stream_executor/cuda/cuda_executor.cc:887] could not open file to read NUMA node: /sys/bus/pci/devices/0000:00:06.0/numa_node
Your kernel may have been built without NUMA support.
2026-05-22 18:45:24.886035: I external/local_xla/xla/stream_executor/cuda/cuda_executor.cc:887] could not open file to read NUMA node: /sys/bus/pci/devices/0000:00:06.0/numa_node
Your kernel may have been built without NUMA support.
2026-05-22 18:45:24.889991: I external/local_xla/xla/stream_executor/cuda/cuda_executor.cc:887] could not open file to read NUMA node: /sys/bus/pci/devices/0000:00:06.0/numa_node
Your kernel may have been built without NUMA support.
2026-05-22 18:45:25.110931: I external/local_xla/xla/stream_executor/cuda/cuda_executor.cc:887] could not open file to read NUMA node: /sys/bus/pci/devices/0000:00:06.0/numa_node
Your kernel may have been built without NUMA support.
2026-05-22 18:45:25.113203: I external/local_xla/xla/stream_executor/cuda/cuda_executor.cc:887] could not open file to read NUMA node: /sys/bus/pci/devices/0000:00:06.0/numa_node
Your kernel may have been built without NUMA support.
2026-05-22 18:45:25.114989: I tensorflow/core/common_runtime/gpu/gpu_device.cc:2022] Could not identify NUMA node of platform GPU id 0, defaulting to 0.  Your kernel may not have been built with NUMA support.
2026-05-22 18:45:25.115278: I external/local_xla/xla/stream_executor/cuda/cuda_executor.cc:887] could not open file to read NUMA node: /sys/bus/pci/devices/0000:00:06.0/numa_node
Your kernel may have been built without NUMA support.
2026-05-22 18:45:25.117089: I tensorflow/core/common_runtime/gpu/gpu_device.cc:1929] Created device /job:localhost/replica:0/task:0/device:GPU:0 with 20833 MB memory:  -> device: 0, name: NVIDIA L4, pci bus id: 0000:00:06.0, compute capability: 8.9
2026-05-22 18:45:25.770887: I external/local_tsl/tsl/platform/default/subprocess.cc:304] Start cannot spawn child process: No such file or directory
2026-05-22 18:45:48.571027: I external/local_xla/xla/stream_executor/cuda/cuda_dnn.cc:454] Loaded cuDNN version 8904
2026-05-22 18:45:52.746658: I external/local_xla/xla/service/service.cc:168] XLA service 0x2a73820034e0 initialized for platform CUDA (this does not guarantee that XLA will be used). Devices:
2026-05-22 18:45:52.746808: I external/local_xla/xla/service/service.cc:176]   StreamExecutor device (0): NVIDIA L4, Compute Capability 8.9
2026-05-22 18:45:52.762491: I tensorflow/compiler/mlir/tensorflow/utils/dump_mlir_util.cc:269] disabling MLIR crash reproducer, set env var `MLIR_CRASH_REPRODUCER_DIRECTORY` to enable.
WARNING: All log messages before absl::InitializeLog() is called are written to STDERR
I0000 00:00:1779475552.906617      65 device_compiler.h:186] Compiled cluster using XLA!  This line is logged at most once for the lifetime of the process.
[NbConvertApp] Writing 3776928 bytes to /work/outputs/EXP-008_dropout_low/notebook.executed.ipynb

